00:00 +0: loading C:/Users/Truly/AAA_WORKSPACE_WINDOWS/_AAA_MAIN/DEMOS/ui_gen_demo/test/services/llm_message_service_test.dart
00:00 +0: LLMMessageService creates streaming button with RepaintBoundary
ΓòÉΓòÉΓòí EXCEPTION CAUGHT BY FLUTTER TEST FRAMEWORK Γò₧ΓòÉΓòÉΓòÉΓòÉΓòÉΓòÉΓòÉΓòÉΓòÉΓòÉΓòÉΓòÉΓòÉΓòÉΓòÉΓòÉΓòÉΓòÉΓòÉΓòÉΓòÉΓòÉΓòÉΓòÉΓòÉΓòÉΓòÉΓòÉΓòÉΓòÉΓòÉΓòÉΓòÉΓòÉΓòÉΓòÉΓòÉΓòÉΓòÉΓòÉΓòÉΓòÉΓòÉΓòÉΓòÉΓòÉΓòÉΓòÉΓòÉΓòÉΓòÉΓòÉ
The following TestFailure was thrown running a test:
Expected: exactly one matching candidate
  Actual: _AncestorWidgetFinder:<Found 3 widgets with type "RepaintBoundary" that are ancestors of
widgets with type "AccumulatingStreamBuilder" that are ancestors of widgets with type
"ElevatedButton": [
            RepaintBoundary(renderObject: RenderRepaintBoundary#a8516 relayoutBoundary=up6),
            RepaintBoundary-[GlobalKey#3633c](renderObject: RenderRepaintBoundary#3304b),
            RepaintBoundary(renderObject: RenderRepaintBoundary#49dac),
          ]>
   Which: is too many

When the exception was thrown, this was the stack:
#4      main.<anonymous closure> (file:///C:/Users/Truly/AAA_WORKSPACE_WINDOWS/_AAA_MAIN/DEMOS/ui_gen_demo/test/services/llm_message_service_test.dart:57:5)
<asynchronous suspension>
#5      testWidgets.<anonymous closure>.<anonymous closure> (package:flutter_test/src/widget_tester.dart:192:15)
<asynchronous suspension>
#6      TestWidgetsFlutterBinding._runTestBody (package:flutter_test/src/binding.dart:1059:5)
<asynchronous suspension>
<asynchronous suspension>
(elided one frame from package:stack_trace)

This was caught by the test expectation on the following line:
  file:///C:/Users/Truly/AAA_WORKSPACE_WINDOWS/_AAA_MAIN/DEMOS/ui_gen_demo/test/services/llm_message_service_test.dart line 57
The test description was:
  LLMMessageService creates streaming button with RepaintBoundary
ΓòÉΓòÉΓòÉΓòÉΓòÉΓòÉΓòÉΓòÉΓòÉΓòÉΓòÉΓòÉΓòÉΓòÉΓòÉΓòÉΓòÉΓòÉΓòÉΓòÉΓòÉΓòÉΓòÉΓòÉΓòÉΓòÉΓòÉΓòÉΓòÉΓòÉΓòÉΓòÉΓòÉΓòÉΓòÉΓòÉΓòÉΓòÉΓòÉΓòÉΓòÉΓòÉΓòÉΓòÉΓòÉΓòÉΓòÉΓòÉΓòÉΓòÉΓòÉΓòÉΓòÉΓòÉΓòÉΓòÉΓòÉΓòÉΓòÉΓòÉΓòÉΓòÉΓòÉΓòÉΓòÉΓòÉΓòÉΓòÉΓòÉΓòÉΓòÉΓòÉΓòÉΓòÉΓòÉΓòÉΓòÉΓòÉΓòÉΓòÉΓòÉΓòÉΓòÉΓòÉΓòÉΓòÉΓòÉΓòÉΓòÉΓòÉΓòÉΓòÉΓòÉΓòÉΓòÉΓòÉΓòÉΓòÉΓòÉΓòÉ
00:00 +0 -1: LLMMessageService creates streaming button with RepaintBoundary [E]
  Test failed. See exception logs above.
  The test description was: LLMMessageService creates streaming button with RepaintBoundary
  
00:00 +0 -1: Some tests failed.
